// Jest Snapshot v1, https://goo.gl/fbAQLP

exports[`Pruebas en <GifGrid /> Debe de mostar items cuando se cargan i√°genes useFechGifs 1`] = `
<Fragment>
  <h3
    className="animate__animated animate__fadeIn"
  >
    One Punch
  </h3>
  <div
    className="card-grid"
  >
    <GifGridItem
      id="ABC"
      key="ABC"
      title="Cualquier cosa"
      url="https://localhost/cualquier/cosa.jpg"
    />
    <GifGridItem
      id="ABC"
      key="ABC"
      title="Cualquier cosa"
      url="https://localhost/cualquier/cosa.jpg"
    />
  </div>
</Fragment>
`;

exports[`Pruebas en <GifGrid /> debe de mostrar el component correctamente 1`] = `
<Fragment>
  <h3
    className="animate__animated animate__fadeIn"
  >
    One Punch
  </h3>
  <p
    className="animate__animated animate__flash"
  >
    Loading
  </p>
  <div
    className="card-grid"
  />
</Fragment>
`;
